// Jest Snapshot v1, https://goo.gl/fbAQLP

exports[`Resultpage: default 1`] = `
<div
  className={undefined}
>
  <div
    style={
      Object {
        "textAlign": "center",
      }
    }
  >
    <button
      className="undefined "
      disabled={true}
      onClick={undefined}
      style={
        Object {
          "backgroundColor": "tomato",
          "color": "#fff",
          "cursor": "pointer",
        }
      }
    >
      <div
        className="css-na1r9x"
      />
      <span
        style={
          Object {
            "marginLeft": "5px",
            "position": "relative",
            "top": "-5px",
          }
        }
      >
        calculating
      </span>
    </button>
  </div>
</div>
`;
